// Jest Snapshot v1, https://goo.gl/fbAQLP

exports[`metadata-service fetches a random movie if no ImdbID is given 1`] = `
Object {
  "budget": Any<String>,
  "date_segment": Any<String>,
  "homepage": Any<String>,
  "imdb_id": Any<String>,
  "original_language": Any<String>,
  "original_title": Any<String>,
  "overview": Any<String>,
  "popularity": Any<Number>,
  "poster_path": Any<String>,
  "release_date": Any<String>,
  "revenue": Any<Number>,
  "runtime": Any<Number>,
  "status": Any<String>,
  "tagline": Any<String>,
  "title": Any<String>,
  "video": Any<Boolean>,
  "vote_average": Any<Number>,
  "vote_count": Any<Number>,
}
`;
